abdoessam15@ubuntu:/$ sudo su
[sudo] password for abdoessam15: 
root@ubuntu:/# cd /home
root@ubuntu:/home# mkdir task
root@ubuntu:/home# ls
abdoessam15  task
root@ubuntu:/home# cd task
root@ubuntu:/home/task# mkdir abdo1 abdo2
root@ubuntu:/home/task# ls
abdo1  abdo2
root@ubuntu:/home/task# cd abdo1
root@ubuntu:/home/task/abdo1# cat > file1.txt
this is file 1
Dr.samar shaban
operating system
^c
^c
^C
cat file1.txt   
clear
$_
root@ubuntu:/home/task/abdo1# cat file1.txt
this is file 1
Dr.samar shaban
operating system
^c
^c
^C
cat file1.txt
clear
$_
root@ubuntu:/home/task/abdo1# cat > file2.txt
this is file 2
Abdulrahman Essam Yousef
operating system
root@ubuntu:/home/task/abdo1# cat > file3.txt
^C
root@ubuntu:/home/task/abdo1# cat file3.txt
root@ubuntu:/home/task/abdo1# ls
file1.txt  file2.txt  file3.txt
root@ubuntu:/home/task/abdo1# cp file1.txt /home/task/ahmed2
root@ubuntu:/home/task/abdo1# cd ../
root@ubuntu:/home/task# cd abdo2
root@ubuntu:/home/task/abdo2# ls
file1.txt
root@ubuntu:/home/task/abdo2# cd ../..
root@ubuntu:/home# ls |grep a|grep A
root@ubuntu:/home# ls
abdoessam15  task
root@ubuntu:/home# cd task
root@ubuntu:/home/task# ls |grep a|grep A
root@ubuntu:/home/task# ls 
abdo1  abdo2
root@ubuntu:/home/task# cd abdo1
root@ubuntu:/home/task/abdo1# ls
file1.txt  file2.txt  file3.txt
root@ubuntu:/home/task/abdo1# cat > abdo.txt
sfhagkjhgk;jlhlf;sg
^C
root@ubuntu:/home/task/abdo1# cat > abdo.txt
dfhghdghdg^C
root@ubuntu:/home/task/abdo1# ls
abdo.txt  abdo.txt  file1.txt  file2.txt  file3.txt
root@ubuntu:/home/task/abdo1# ls |grep a|grep A
root@ubuntu:/home/task/abdo1# ls | grep a| grep A
root@ubuntu:/home/task/abdo1# ls
abdo.txt  abdo.txt  file1.txt  file2.txt  file3.txt
root@ubuntu:/home/task/abdo1# ls | grep a
ahmed.txt
root@ubuntu:/home/task/abdo1# ls | grep A
abdo.txt
root@ubuntu:/home/task/abdo1# ls | wc-1
wc-1: command not found
root@ubuntu:/home/task/abdo1# ls | wc-l
wc-l: command not found
root@ubuntu:/home/task/abdo1# ls | wc l
wc: l: No such file or directory
root@ubuntu:/home/task/abdo1# ls | Wc-l
Wc-l: command not found
root@ubuntu:/home/task/abdo1# ls | WC-l
WC-l: command not found
root@ubuntu:/home/task/abdo1# ls -1 | wc -l
5
root@ubuntu:/home/task/abdo1# ls | wc -l
5
root@ubuntu:/home/abdoessam15# touch language.c
root@ubuntu:/home/abdoessam15# gcc -o helloahmed language.c
root@ubuntu:/home/abdoessam15# ./a.out language c
oot@ubuntu:/home/abdoessam15# date
Thu 29 Apr 2021 12:45:53 AM PDT
root@ubuntu:/home/abdoessam15# ls
Desktop  Documents  Downloads  language.c  Music  Pictures  Public  Templates  Videos
root@ubuntu:/home/abdoessam15# pwd
/home/abdoessam15